// Jest Snapshot v1, https://goo.gl/fbAQLP

exports[`ProductsPage renders products page unchanged 1`] = `
<div>
  <main>
    <nav
      class="nav"
    >
      <a
        href="/"
      >
        Home
      </a>
      <a
        href="/products"
      >
        Shop
      </a>
      <a
        href="/cart"
      >
        Cart
      </a>
    </nav>
    <h1
      style="text-align: center;"
    >
      Products Page
    </h1>
    <section
      style="display: grid; grid-template-columns: repeat(3,1fr); gap: 1.5rem; margin-top: 20px;"
    />
  </main>
</div>
`;
